Capitulo 1 Git Commands.


$ mkdir Story

$ cd Story/

$ touch chapter1.txt

$ code chapter1.txt

$ git init
Initialized empty Git repository in /Documents/Development/Web dev/Web Development Bootca/.git/

$ ls
chapter1.txt

$ ls -a
./  ../  .git/  chapter1.txt

$ git status
On branch master

No commits yet

Untracked files:
  (use "git add <file>..." to include in what will be committed)
        chapter1.txt

nothing added to commit but untracked files present (use "git add" to track)

$ git add chapter1.txt

$ git status
On branch master

No commits yet

Changes to be committed:
  (use "git rm --cached <file>..." to unstage)
        new file:   chapter1.txt

$ git commit -m "Complete Chapter 1"
[master (root-commit) 8f462e9] Complete Chapter 1
 Committer: Anderson <anderson@email.com>
Your name and email address were configured automatically based
on your username and hostname. Please check that they are accurate.
You can suppress this message by setting them explicitly:

    git config --global user.name "Your Name"
    git config --global user.email you@example.com

After doing this, you may fix the identity used for this commit with:

    git commit --amend --reset-author

 1 file changed, 1 insertion(+)
 create mode 100644 chapter1.txt


$ git log
commit 8f462e953369ee991dccf39fbfe0123dfee05eb1 (HEAD -> master)
Author: Anderson <anderson@email.com>
Date:   Tue Sep 26 16:21:38 2023 +0100

    Complete Chapter 1

